Running the Flow
Traceback (most recent call last):
  File "/Users/fjacquet/Projects/kiro/finwiz/.venv/bin/kickoff", line 4, in <module>
    from finwiz.main import kickoff
  File "/Users/fjacquet/Projects/kiro/finwiz/src/finwiz/main.py", line 32, in <module>
    from finwiz.crew_factory import CrewFactory
  File "/Users/fjacquet/Projects/kiro/finwiz/src/finwiz/crew_factory.py", line 14, in <module>
    from finwiz.crews.investment_discovery_crew.investment_discovery_crew import InvestmentDiscoveryCrew
  File "/Users/fjacquet/Projects/kiro/finwiz/src/finwiz/crews/investment_discovery_crew/__init__.py", line 3, in <module>
    from .investment_discovery_crew import InvestmentDiscoveryCrew
  File "/Users/fjacquet/Projects/kiro/finwiz/src/finwiz/crews/investment_discovery_crew/investment_discovery_crew.py", line 16, in <module>
    from finwiz.tools.feedback_integration_tool import get_feedback_tools
  File "/Users/fjacquet/Projects/kiro/finwiz/src/finwiz/tools/feedback_integration_tool.py", line 15, in <module>
    from finwiz.schemas.feedback import (
  File "/Users/fjacquet/Projects/kiro/finwiz/src/finwiz/schemas/feedback.py", line 56, in <module>
    class UserFeedback(BaseModel):
  File "/Users/fjacquet/Projects/kiro/finwiz/src/finwiz/schemas/feedback.py", line 78, in UserFeedback
    alternative_chosen: Optional[str] = Field(None, description="Alternative investment chosen instead")
                        ^^^^^^^^
NameError: name 'Optional' is not defined
An error occurred while running the flow: Command '['uv', 'run', 'kickoff']' returned non-zero exit status 1.

