============================= test session starts ==============================
platform darwin -- Python 3.12.9, pytest-8.4.2, pluggy-1.6.0 -- /Users/fjacquet/Projects/kiro/finwiz/.venv/bin/python3
cachedir: .pytest_cache
rootdir: /Users/fjacquet/Projects/kiro/finwiz
configfile: pyproject.toml
testpaths: tests
plugins: mock-3.15.1, asyncio-1.2.0, anyio-4.11.0, timeout-2.4.0, langsmith-0.4.31, Faker-37.8.0, cov-7.0.0
asyncio: mode=Mode.AUTO, debug=False, asyncio_default_fixture_loop_scope=function, asyncio_default_test_loop_scope=function
collecting ... collected 2243 items / 37 deselected / 2206 selected

tests/integration/core_analysis/test_core_analysis_integration.py::TestCoreAnalysisIntegration::test_should_integrate_crew_outputs_with_data_system PASSED [  0%]
tests/integration/core_analysis/test_core_analysis_integration.py::TestCoreAnalysisIntegration::test_should_provide_data_accessibility_through_accessor PASSED [  0%]
tests/integration/core_analysis/test_core_analysis_integration.py::TestCoreAnalysisIntegration::test_should_handle_missing_crew_data_gracefully PASSED [  0%]
tests/integration/core_analysis/test_core_analysis_integration.py::TestCoreAnalysisIntegration::test_should_validate_crew_output_schemas PASSED [  0%]
tests/integration/core_analysis/test_core_analysis_integration.py::TestCoreAnalysisIntegration::test_should_integrate_all_crews_in_flow FAILED [  0%]
tests/integration/core_analysis/test_core_analysis_integration.py::TestCoreAnalysisIntegration::test_should_handle_partial_crew_failures PASSED [  0%]
tests/integration/core_analysis/test_core_analysis_integration.py::TestCoreAnalysisIntegration::test_should_support_data_freshness_validation PASSED [  0%]
tests/integration/core_analysis/test_core_analysis_integration.py::TestCoreAnalysisIntegration::test_should_aggregate_crew_recommendations PASSED [  0%]
tests/integration/core_analysis/test_core_analysis_integration.py::TestCoreAnalysisIntegration::test_should_calculate_aggregate_risk_scores PASSED [  0%]
tests/integration/core_analysis/test_core_analysis_integration.py::TestCoreAnalysisIntegration::test_should_support_cross_crew_data_sharing PASSED [  0%]
tests/integration/core_analysis/test_core_analysis_integration.py::TestCoreAnalysisIntegration::test_should_maintain_data_consistency_across_crews PASSED [  0%]
tests/integration/core_analysis/test_core_analysis_integration.py::TestCoreAnalysisIntegration::test_should_handle_feature_flag_combinations FAILED [  0%]
tests/integration/core_analysis/test_core_analysis_integration.py::TestCoreAnalysisIntegration::test_should_support_performance_monitoring PASSED [  0%]
tests/integration/core_analysis/test_crew_data_accessor.py::TestCrewDataAccessor::test_should_retrieve_stock_data_with_freshness_check PASSED [  0%]
tests/integration/core_analysis/test_crew_data_accessor.py::TestCrewDataAccessor::test_should_retrieve_etf_data_with_freshness_check PASSED [  0%]
tests/integration/core_analysis/test_crew_data_accessor.py::TestCrewDataAccessor::test_should_retrieve_crypto_data_with_freshness_check PASSED [  0%]
tests/integration/core_analysis/test_crew_data_accessor.py::TestCrewDataAccessor::test_should_retrieve_discovery_data_with_freshness_check PASSED [  0%]
tests/integration/core_analysis/test_crew_data_accessor.py::TestCrewDataAccessor::test_should_return_none_when_data_unavailable PASSED [  0%]
tests/integration/core_analysis/test_crew_data_accessor.py::TestCrewDataAccessor::test_should_consolidate_data_from_all_available_crews PASSED [  0%]
tests/integration/core_analysis/test_crew_data_accessor.py::TestCrewDataAccessor::test_should_handle_consolidation_errors_gracefully PASSED [  0%]
tests/integration/core_analysis/test_crew_data_accessor.py::TestCrewDataAccessor::test_should_consolidate_market_sentiment_from_multiple_crews FAILED [  0%]
tests/integration/core_analysis/test_crew_data_accessor.py::TestCrewDataAccessor::test_should_handle_missing_sentiment_data_gracefully FAILED [  0%]
tests/integration/core_analysis/test_crew_data_accessor.py::TestCrewDataAccessor::test_should_consolidate_ticker_validation_from_all_crews FAILED [  1%]
tests/integration/core_analysis/test_crew_data_accessor.py::TestCrewDataAccessor::test_should_handle_ticker_validation_errors_gracefully FAILED [  1%]
tests/integration/core_analysis/test_crew_data_accessor.py::TestCrewDataAccessor::test_should_provide_detailed_error_reporting_with_file_paths PASSED [  1%]
tests/integration/core_analysis/test_crew_data_accessor.py::TestCrewDataAccessor::test_should_handle_data_availability_check_errors PASSED [  1%]
tests/integration/core_analysis/test_crew_data_accessor.py::TestCrewDataAccessor::test_should_generate_stale_data_warnings_with_specific_ages PASSED [  1%]
tests/integration/core_analysis/test_crew_data_accessor.py::TestCrewDataAccessor::test_should_handle_stale_data_warning_errors PASSED [  1%]
tests/integration/core_analysis/test_crew_integration_middleware.py::TestCrewIntegrationMiddleware::test_should_initialize_middleware_with_default_components PASSED [  1%]
tests/integration/core_analysis/test_crew_integration_middleware.py::TestCrewIntegrationMiddleware::test_should_register_custom_hooks PASSED [  1%]
tests/integration/core_analysis/test_crew_integration_middleware.py::TestCrewIntegrationMiddleware::test_should_raise_error_for_invalid_hook_type PASSED [  1%]
tests/integration/core_analysis/test_crew_integration_middleware.py::TestCrewIntegrationMiddleware::test_should_validate_dependencies_successfully_when_all_available[asyncio] PASSED [  1%]
tests/integration/core_analysis/test_crew_integration_middleware.py::TestCrewIntegrationMiddleware::test_should_detect_missing_dependencies[asyncio] PASSED [  1%]
tests/integration/core_analysis/test_crew_integration_middleware.py::TestCrewIntegrationMiddleware::test_should_detect_stale_dependencies[asyncio] PASSED [  1%]
tests/integration/core_analysis/test_crew_integration_middleware.py::TestCrewIntegrationMiddleware::test_should_handle_pre_execution_errors_gracefully[asyncio] PASSED [  1%]
tests/integration/core_analysis/test_crew_integration_middleware.py::TestCrewIntegrationMiddleware::test_should_store_crew_output_successfully[asyncio] PASSED [  1%]
tests/integration/core_analysis/test_crew_integration_middleware.py::TestCrewIntegrationMiddleware::test_should_handle_validation_failures[asyncio] PASSED [  1%]
tests/integration/core_analysis/test_crew_integration_middleware.py::TestCrewIntegrationMiddleware::test_should_handle_missing_execution_context[asyncio] PASSED [  1%]
tests/integration/core_analysis/test_crew_integration_middleware.py::TestCrewIntegrationMiddleware::test_should_execute_custom_hooks[asyncio] PASSED [  1%]
tests/integration/core_analysis/test_crew_integration_middleware.py::TestCrewIntegrationMiddleware::test_should_coordinate_multiple_crews[asyncio] PASSED [  1%]
tests/integration/core_analysis/test_crew_integration_middleware.py::TestCrewIntegrationMiddleware::test_should_handle_coordination_errors[asyncio] PASSED [  1%]
tests/integration/core_analysis/test_crew_integration_middleware.py::TestCrewIntegrationMiddleware::test_should_limit_lineage_entries[asyncio] PASSED [  1%]
tests/integration/core_analysis/test_crew_integration_middleware.py::TestCrewIntegrationMiddleware::test_should_validate_dependencies_successfully_when_all_available[trio] PASSED [  1%]
tests/integration/core_analysis/test_crew_integration_middleware.py::TestCrewIntegrationMiddleware::test_should_detect_missing_dependencies[trio] PASSED [  1%]
tests/integration/core_analysis/test_crew_integration_middleware.py::TestCrewIntegrationMiddleware::test_should_detect_stale_dependencies[trio] PASSED [  2%]
tests/integration/core_analysis/test_crew_integration_middleware.py::TestCrewIntegrationMiddleware::test_should_handle_pre_execution_errors_gracefully[trio] PASSED [  2%]
tests/integration/core_analysis/test_crew_integration_middleware.py::TestCrewIntegrationMiddleware::test_should_store_crew_output_successfully[trio] PASSED [  2%]
tests/integration/core_analysis/test_crew_integration_middleware.py::TestCrewIntegrationMiddleware::test_should_handle_validation_failures[trio] PASSED [  2%]
tests/integration/core_analysis/test_crew_integration_middleware.py::TestCrewIntegrationMiddleware::test_should_handle_missing_execution_context[trio] PASSED [  2%]
tests/integration/core_analysis/test_crew_integration_middleware.py::TestCrewIntegrationMiddleware::test_should_execute_custom_hooks[trio] PASSED [  2%]
tests/integration/core_analysis/test_crew_integration_middleware.py::TestCrewIntegrationMiddleware::test_should_coordinate_multiple_crews[trio] PASSED [  2%]
tests/integration/core_analysis/test_crew_integration_middleware.py::TestCrewIntegrationMiddleware::test_should_handle_coordination_errors[trio] PASSED [  2%]
tests/integration/core_analysis/test_crew_integration_middleware.py::TestCrewIntegrationMiddleware::test_should_limit_lineage_entries[trio] PASSED [  2%]
tests/integration/core_analysis/test_crew_integration_middleware.py::TestCrewIntegrationMiddleware::test_should_track_active_executions PASSED [  2%]
tests/integration/core_analysis/test_crew_integration_middleware.py::TestPreExecutionResult::test_should_create_valid_pre_execution_result PASSED [  2%]
tests/integration/core_analysis/test_crew_integration_middleware.py::TestPostExecutionResult::test_should_create_valid_post_execution_result PASSED [  2%]
tests/integration/core_analysis/test_crew_integration_middleware.py::TestCrewExecutionContext::test_should_create_valid_execution_context PASSED [  2%]
tests/integration/core_analysis/test_crew_output_storage.py::TestCrewOutputStorage::test_should_initialize_storage_with_directories PASSED [  2%]
tests/integration/core_analysis/test_crew_output_storage.py::TestCrewOutputStorage::test_should_store_crew_output_successfully FAILED [  2%]
tests/integration/core_analysis/test_crew_output_storage.py::TestCrewOutputStorage::test_should_generate_execution_id_when_not_provided PASSED [  2%]
tests/integration/core_analysis/test_crew_output_storage.py::TestCrewOutputStorage::test_should_update_data_lineage_on_storage PASSED [  2%]
tests/integration/core_analysis/test_crew_output_storage.py::TestCrewOutputStorage::test_should_retrieve_crew_output_by_name PASSED [  2%]
tests/integration/core_analysis/test_crew_output_storage.py::TestCrewOutputStorage::test_should_retrieve_crew_output_by_execution_id PASSED [  2%]
tests/integration/core_analysis/test_crew_output_storage.py::TestCrewOutputStorage::test_should_return_error_for_nonexistent_crew PASSED [  2%]
tests/integration/core_analysis/test_crew_output_storage.py::TestCrewOutputStorage::test_should_retrieve_latest_output_when_multiple_exist PASSED [  2%]
tests/integration/core_analysis/test_crew_output_storage.py::TestCrewOutputStorage::test_should_query_outputs_by_crew_name PASSED [  2%]
tests/integration/core_analysis/test_crew_output_storage.py::TestCrewOutputStorage::test_should_query_outputs_by_date_range FAILED [  3%]
tests/integration/core_analysis/test_crew_output_storage.py::TestCrewOutputStorage::test_should_query_outputs_with_limit PASSED [  3%]
tests/integration/core_analysis/test_crew_output_storage.py::TestCrewOutputStorage::test_should_filter_invalid_outputs_in_query FAILED [  3%]
tests/integration/core_analysis/test_crew_output_storage.py::TestCrewOutputStorage::test_should_get_data_lineage_for_all_crews PASSED [  3%]
tests/integration/core_analysis/test_crew_output_storage.py::TestCrewOutputStorage::test_should_get_filtered_data_lineage_by_crew PASSED [  3%]
tests/integration/core_analysis/test_crew_output_storage.py::TestCrewOutputStorage::test_should_cleanup_old_outputs PASSED [  3%]
tests/integration/core_analysis/test_crew_output_storage.py::TestCrewOutputStorage::test_should_handle_storage_errors_gracefully FAILED [  3%]
tests/integration/core_analysis/test_crew_output_storage.py::TestCrewOutputStorage::test_should_handle_retrieval_errors_gracefully PASSED [  3%]
tests/integration/core_analysis/test_crew_output_storage.py::TestCrewOutputStorage::test_should_check_storage_limits PASSED [  3%]
tests/integration/core_analysis/test_crew_output_storage.py::TestCrewOutputStorage::test_should_maintain_lineage_size_limit PASSED [  3%]
tests/integration/core_analysis/test_crew_output_storage.py::TestStorageQuery::test_should_create_valid_storage_query PASSED [  3%]
tests/integration/core_analysis/test_crew_output_storage.py::TestStorageQuery::test_should_create_query_with_defaults PASSED [  3%]
tests/integration/core_analysis/test_crew_output_storage.py::TestStorageResult::test_should_create_successful_storage_result PASSED [  3%]
tests/integration/core_analysis/test_crew_output_storage.py::TestStorageResult::test_should_create_failed_storage_result PASSED [  3%]
tests/integration/core_analysis/test_crew_output_storage.py::TestRetrievalResult::test_should_create_successful_retrieval_result PASSED [  3%]
tests/integration/core_analysis/test_crew_output_storage.py::TestRetrievalResult::test_should_create_failed_retrieval_result PASSED [  3%]
tests/integration/core_analysis/test_crew_output_validation.py::TestContractValidator::test_should_validate_stock_crew_contract_with_required_keys PASSED [  3%]
tests/integration/core_analysis/test_crew_output_validation.py::TestContractValidator::test_should_reject_stock_crew_contract_with_missing_keys PASSED [  3%]
tests/integration/core_analysis/test_crew_output_validation.py::TestContractValidator::test_should_validate_etf_crew_contract_with_required_keys PASSED [  3%]
tests/integration/core_analysis/test_crew_output_validation.py::TestContractValidator::test_should_validate_crypto_crew_contract_with_required_keys PASSED [  3%]
tests/integration/core_analysis/test_crew_output_validation.py::TestContractValidator::test_should_warn_about_unexpected_keys PASSED [  3%]
tests/integration/core_analysis/test_crew_output_validation.py::TestContractValidator::test_should_validate_key_types PASSED [  3%]
tests/integration/core_analysis/test_crew_output_validation.py::TestContractValidator::test_should_handle_unknown_crew_type PASSED [  4%]
tests/integration/core_analysis/test_crew_output_validation.py::TestContractValidator::test_should_validate_reporter_contract_with_all_keys PASSED [  4%]
tests/integration/core_analysis/test_crew_output_validation.py::TestContractValidator::test_should_reject_reporter_contract_with_missing_keys PASSED [  4%]
tests/integration/core_analysis/test_crew_output_validation.py::TestValidationManagerWithContracts::test_should_validate_crew_output_with_contract_and_schema PASSED [  4%]
tests/integration/core_analysis/test_crew_output_validation.py::TestValidationManagerWithContracts::test_should_fail_crew_output_validation_in_error_mode_with_contract_violations PASSED [  4%]
tests/integration/core_analysis/test_crew_output_validation.py::TestValidationManagerWithContracts::test_should_validate_reporter_input_with_contract_and_schema PASSED [  4%]
tests/integration/core_analysis/test_crew_output_validation.py::TestValidationManagerWithContracts::test_should_handle_contract_violations_based_on_strictness_mode PASSED [  4%]
tests/integration/core_analysis/test_crew_output_validation.py::TestCrewOutputValidationIntegration::test_should_validate_stock_crew_with_real_schema_data PASSED [  4%]
tests/integration/core_analysis/test_crew_output_validation.py::TestCrewOutputValidationIntegration::test_should_validate_etf_crew_with_real_schema_data PASSED [  4%]
tests/integration/core_analysis/test_crew_output_validation.py::TestCrewOutputValidationIntegration::test_should_validate_crypto_crew_with_real_schema_data PASSED [  4%]
tests/integration/core_analysis/test_data_flow_validation.py::TestCrewDataContract::test_should_create_contract_with_defaults PASSED [  4%]
tests/integration/core_analysis/test_data_flow_validation.py::TestCrewDataContract::test_should_create_contract_with_all_fields PASSED [  4%]
tests/integration/core_analysis/test_data_flow_validation.py::TestDataFlowTrace::test_should_create_trace_with_defaults PASSED [  4%]
tests/integration/core_analysis/test_data_flow_validation.py::TestDataFlowValidator::test_should_initialize_with_standard_contracts PASSED [  4%]
tests/integration/core_analysis/test_data_flow_validation.py::TestDataFlowValidator::test_should_validate_crew_input_successfully PASSED [  4%]
tests/integration/core_analysis/test_data_flow_validation.py::TestDataFlowValidator::test_should_warn_about_missing_required_inputs PASSED [  4%]
tests/integration/core_analysis/test_data_flow_validation.py::TestDataFlowValidator::test_should_validate_crew_output_successfully PASSED [  4%]
tests/integration/core_analysis/test_data_flow_validation.py::TestDataFlowValidator::test_should_allow_external_calls_for_upstream_crews PASSED [  4%]
tests/integration/core_analysis/test_data_flow_validation.py::TestDataFlowValidator::test_should_prevent_external_calls_for_reporter PASSED [  4%]
tests/integration/core_analysis/test_data_flow_validation.py::TestDataFlowValidator::test_should_validate_end_to_end_flow_successfully PASSED [  4%]
tests/integration/core_analysis/test_data_flow_validation.py::TestDataFlowValidator::test_should_detect_reporter_external_calls_violation PASSED [  4%]
tests/integration/core_analysis/test_data_flow_validation.py::TestDataFlowValidator::test_should_detect_missing_upstream_data PASSED [  4%]
tests/integration/core_analysis/test_data_flow_validation.py::TestDataFlowValidator::test_should_generate_flow_summary PASSED [  5%]
tests/integration/core_analysis/test_data_flow_validation.py::TestDataFlowValidator::test_should_handle_unknown_crew PASSED [  5%]
tests/integration/core_analysis/test_data_flow_validation.py::TestDataFlowValidator::test_should_clear_traces PASSED [  5%]
tests/integration/core_analysis/test_data_flow_validation.py::TestReporterContextValidator::test_should_validate_complete_context_successfully PASSED [  5%]
tests/integration/core_analysis/test_data_flow_validation.py::TestReporterContextValidator::test_should_warn_about_missing_required_context PASSED [  5%]
tests/integration/core_analysis/test_data_flow_validation.py::TestReporterContextValidator::test_should_handle_none_values_in_required_context PASSED [  5%]
tests/integration/core_analysis/test_data_flow_validation.py::TestReporterContextValidator::test_should_handle_additional_context_keys PASSED [  5%]
tests/integration/core_analysis/test_data_flow_validation.py::TestReporterContextValidator::test_should_handle_empty_context PASSED [  5%]
tests/integration/core_analysis/test_data_flow_validation.py::TestDataFlowViolation::test_should_create_violation_with_crew_and_message PASSED [  5%]
tests/integration/core_analysis/test_freshness_integration.py::TestFreshnessIntegration::test_should_detect_stale_data_in_upstream_collection FAILED [  5%]
tests/integration/core_analysis/test_freshness_integration.py::TestFreshnessIntegration::test_should_warn_on_stale_data_access FAILED [  5%]
tests/integration/core_analysis/test_freshness_integration.py::TestFreshnessIntegration::test_should_provide_refresh_recommendations FAILED [  5%]
tests/integration/core_analysis/test_freshness_integration.py::TestFreshnessIntegration::test_should_generate_comprehensive_availability_report FAILED [  5%]
tests/integration/core_analysis/test_freshness_integration.py::TestFreshnessIntegration::test_should_consolidate_available_data_with_warnings FAILED [  5%]
tests/integration/core_analysis/test_freshness_integration.py::TestFreshnessIntegration::test_should_handle_missing_data_gracefully PASSED [  5%]
tests/integration/core_analysis/test_freshness_validation_integration.py::TestYahooFinanceToolsIntegration::test_should_add_timestamp_to_ticker_info PASSED [  5%]
tests/integration/core_analysis/test_freshness_validation_integration.py::TestYahooFinanceToolsIntegration::test_should_add_market_time_when_available PASSED [  5%]
tests/integration/core_analysis/test_freshness_validation_integration.py::TestYahooFinanceToolsIntegration::test_should_add_timestamp_to_history_data PASSED [  5%]
tests/integration/core_analysis/test_freshness_validation_integration.py::TestYahooFinanceToolsIntegration::test_should_work_with_freshness_validator_wrapper PASSED [  5%]
tests/integration/core_analysis/test_freshness_validation_integration.py::TestAlphaVantageToolIntegration::test_should_add_timestamp_to_alpha_vantage_data FAILED [  5%]
tests/integration/core_analysis/test_freshness_validation_integration.py::TestAlphaVantageToolIntegration::test_should_work_with_freshness_validator_wrapper FAILED [  5%]
tests/integration/core_analysis/test_freshness_validation_integration.py::TestFreshnessValidationEndToEnd::test_should_detect_stale_data_and_attempt_refresh FAILED [  5%]
tests/integration/core_analysis/test_freshness_validation_integration.py::TestFreshnessValidationEndToEnd::test_should_handle_missing_api_keys_gracefully FAILED [  6%]
tests/integration/core_analysis/test_freshness_validation_integration.py::TestFreshnessValidationEndToEnd::test_should_maintain_tool_interface_compatibility PASSED [  6%]
tests/integration/core_analysis/test_integration_configuration.py::TestIntegrationConfiguration::test_should_load_default_configuration_when_no_file_provided PASSED [  6%]
tests/integration/core_analysis/test_integration_configuration.py::TestIntegrationConfiguration::test_should_load_configuration_from_yaml_file PASSED [  6%]
tests/integration/core_analysis/test_integration_configuration.py::TestIntegrationConfiguration::test_should_override_with_environment_variables PASSED [  6%]
tests/integration/core_analysis/test_integration_configuration.py::TestIntegrationConfiguration::test_should_handle_crew_specific_freshness_thresholds PASSED [  6%]
tests/integration/core_analysis/test_integration_configuration.py::TestIntegrationConfiguration::test_should_handle_boolean_environment_variables PASSED [  6%]
tests/integration/core_analysis/test_integration_configuration.py::TestIntegrationConfiguration::test_should_handle_integer_environment_variables PASSED [  6%]
tests/integration/core_analysis/test_integration_configuration.py::TestIntegrationConfiguration::test_should_load_crew_dependency_configuration PASSED [  6%]
tests/integration/core_analysis/test_integration_configuration.py::TestIntegrationConfiguration::test_should_load_data_quality_configuration PASSED [  6%]
tests/integration/core_analysis/test_integration_configuration.py::TestIntegrationConfiguration::test_should_handle_missing_configuration_file_gracefully PASSED [  6%]
tests/integration/core_analysis/test_integration_configuration.py::TestIntegrationConfiguration::test_should_handle_invalid_yaml_file_gracefully PASSED [  6%]
tests/integration/core_analysis/test_integration_configuration.py::TestIntegrationConfiguration::test_should_merge_nested_configuration_correctly PASSED [  6%]
tests/integration/core_analysis/test_integration_configuration.py::TestIntegrationConfiguration::test_should_validate_configuration_values PASSED [  6%]
tests/integration/core_analysis/test_integration_configuration.py::TestIntegrationConfiguration::test_should_provide_configuration_summary PASSED [  6%]
tests/integration/core_analysis/test_integration_health_checker.py::TestIntegrationHealthChecker::test_should_initialize_health_checker_with_default_config PASSED [  6%]
tests/integration/core_analysis/test_integration_health_checker.py::TestIntegrationHealthChecker::test_should_initialize_health_checker_with_custom_output_dir PASSED [  6%]
tests/integration/core_analysis/test_integration_health_checker.py::TestIntegrationHealthChecker::test_should_check_system_resources_when_healthy PASSED [  6%]
tests/integration/core_analysis/test_integration_health_checker.py::TestIntegrationHealthChecker::test_should_detect_critical_resource_usage PASSED [  6%]
tests/integration/core_analysis/test_integration_health_checker.py::TestIntegrationHealthChecker::test_should_check_directory_structure_when_missing_directories PASSED [  6%]
tests/integration/core_analysis/test_integration_health_checker.py::TestIntegrationHealthChecker::test_should_check_directory_structure_when_directories_exist PASSED [  6%]
tests/integration/core_analysis/test_integration_health_checker.py::TestIntegrationHealthChecker::test_should_check_data_availability_when_no_crew_data PASSED [  6%]
tests/integration/core_analysis/test_integration_health_checker.py::TestIntegrationHealthChecker::test_should_check_data_availability_when_crew_data_exists PASSED [  7%]
tests/integration/core_analysis/test_integration_health_checker.py::TestIntegrationHealthChecker::test_should_check_integration_metadata_when_files_missing PASSED [  7%]
tests/integration/core_analysis/test_integration_health_checker.py::TestIntegrationHealthChecker::test_should_check_integration_metadata_when_files_exist PASSED [  7%]
tests/integration/core_analysis/test_integration_health_checker.py::TestIntegrationHealthChecker::test_should_check_integration_metadata_when_files_corrupted PASSED [  7%]
tests/integration/core_analysis/test_integration_health_checker.py::TestIntegrationHealthChecker::test_should_escalate_status_correctly PASSED [  7%]
tests/integration/core_analysis/test_integration_health_checker.py::TestIntegrationHealthChecker::test_should_generate_recommendations_for_critical_issues PASSED [  7%]
tests/integration/core_analysis/test_integration_health_checker.py::TestIntegrationHealthChecker::test_should_create_health_summary PASSED [  7%]
tests/integration/core_analysis/test_integration_health_checker.py::TestIntegrationHealthChecker::test_should_perform_quick_health_check PASSED [  7%]
tests/integration/core_analysis/test_integration_health_checker.py::TestIntegrationHealthChecker::test_should_perform_comprehensive_health_check FAILED [  7%]
tests/integration/core_analysis/test_integration_health_checker.py::TestHealthCheckerGlobalFunctions::test_should_get_global_health_checker_instance PASSED [  7%]
tests/integration/core_analysis/test_integration_health_checker.py::TestHealthCheckerGlobalFunctions::test_should_perform_quick_health_check_globally PASSED [  7%]
tests/integration/core_analysis/test_integration_manager.py::TestCrewDataIntegrationManager::test_should_initialize_with_correct_directory_structure PASSED [  7%]
tests/integration/core_analysis/test_integration_manager.py::TestCrewDataIntegrationManager::test_should_setup_logging_correctly PASSED [  7%]
tests/integration/core_analysis/test_integration_manager.py::TestCrewDataIntegrationManager::test_should_validate_empty_output_data_as_invalid PASSED [  7%]
tests/integration/core_analysis/test_integration_manager.py::TestCrewDataIntegrationManager::test_should_validate_non_dict_output_as_invalid PASSED [  7%]
tests/integration/core_analysis/test_integration_manager.py::TestCrewDataIntegrationManager::test_should_validate_valid_output_data PASSED [  7%]
tests/integration/core_analysis/test_integration_manager.py::TestCrewDataIntegrationManager::test_should_detect_missing_upstream_data PASSED [  7%]
tests/integration/core_analysis/test_integration_manager.py::TestCrewDataIntegrationManager::test_should_check_data_freshness_with_missing_data PASSED [  7%]
tests/integration/core_analysis/test_integration_manager.py::TestCrewDataIntegrationManager::test_should_coordinate_crew_execution_with_no_dependencies PASSED [  7%]
tests/integration/core_analysis/test_integration_manager.py::TestCrewDataIntegrationManager::test_should_handle_crew_execution_with_missing_dependencies PASSED [  7%]
tests/integration/core_analysis/test_integration_manager.py::TestCrewDataIntegrationManager::test_should_create_execution_log_files PASSED [  7%]
tests/integration/core_analysis/test_integration_manager.py::TestCrewDataIntegrationManager::test_should_handle_json_file_operations_gracefully PASSED [  7%]
tests/integration/core_analysis/test_integration_manager.py::TestCrewDataIntegrationManager::test_should_sort_crews_by_dependencies_correctly PASSED [  8%]
tests/integration/core_analysis/test_integration_schemas.py::TestValidationStatus::test_should_create_valid_validation_status_when_all_fields_provided PASSED [  8%]
tests/integration/core_analysis/test_integration_schemas.py::TestValidationStatus::test_should_create_validation_status_with_defaults_when_optional_fields_omitted PASSED [  8%]
tests/integration/core_analysis/test_integration_schemas.py::TestValidationStatus::test_should_raise_validation_error_when_required_fields_missing PASSED [  8%]
tests/integration/core_analysis/test_integration_schemas.py::TestValidationStatus::test_should_strip_whitespace_from_string_fields PASSED [  8%]
tests/integration/core_analysis/test_integration_schemas.py::TestFreshnessStatus::test_should_create_valid_freshness_status_when_all_fields_provided PASSED [  8%]
tests/integration/core_analysis/test_integration_schemas.py::TestFreshnessStatus::test_should_use_default_max_age_when_not_provided PASSED [  8%]
tests/integration/core_analysis/test_integration_schemas.py::TestFreshnessStatus::test_should_raise_validation_error_when_age_hours_negative PASSED [  8%]
tests/integration/core_analysis/test_integration_schemas.py::TestFreshnessStatus::test_should_raise_validation_error_when_max_age_hours_invalid PASSED [  8%]
tests/integration/core_analysis/test_integration_schemas.py::TestDataSource::test_should_create_valid_data_source_when_all_fields_provided PASSED [  8%]
tests/integration/core_analysis/test_integration_schemas.py::TestDataSource::test_should_create_data_source_with_optional_fields_none PASSED [  8%]
tests/integration/core_analysis/test_integration_schemas.py::TestDataSource::test_should_raise_validation_error_when_response_time_negative PASSED [  8%]
tests/integration/core_analysis/test_integration_schemas.py::TestDataSource::test_should_validate_all_data_source_types PASSED [  8%]
tests/integration/core_analysis/test_integration_schemas.py::TestCrewOutputMetadata::test_should_create_valid_metadata_when_all_fields_provided PASSED [  8%]
tests/integration/core_analysis/test_integration_schemas.py::TestCrewOutputMetadata::test_should_create_metadata_with_defaults_when_optional_fields_omitted PASSED [  8%]
tests/integration/core_analysis/test_integration_schemas.py::TestCrewOutputMetadata::test_should_raise_validation_error_when_crew_name_empty PASSED [  8%]
tests/integration/core_analysis/test_integration_schemas.py::TestCrewOutputMetadata::test_should_raise_validation_error_when_schema_version_invalid PASSED [  8%]
tests/integration/core_analysis/test_integration_schemas.py::TestCrewOutputMetadata::test_should_raise_validation_error_when_execution_duration_negative PASSED [  8%]
tests/integration/core_analysis/test_integration_schemas.py::TestCrewOutputMetadata::test_should_strip_whitespace_from_crew_name PASSED [  8%]
tests/integration/core_analysis/test_integration_schemas.py::TestCrewOutputMetadata::test_should_handle_multiple_data_sources PASSED [  8%]
tests/integration/core_analysis/test_integration_schemas.py::TestCrewOutputMetadata::test_should_forbid_extra_fields PASSED [  8%]
tests/integration/core_analysis/test_integration_schemas.py::TestSECCitation::test_should_create_valid_sec_citation_when_all_fields_provided PASSED [  8%]
tests/integration/core_analysis/test_integration_schemas.py::TestSECCitation::test_should_raise_validation_error_when_ticker_too_long PASSED [  9%]
tests/integration/core_analysis/test_integration_schemas.py::TestSECCitation::test_should_raise_validation_error_when_excerpt_too_short PASSED [  9%]
tests/integration/core_analysis/test_integration_schemas.py::TestValidatedTicker::test_should_create_valid_ticker_when_all_fields_provided PASSED [  9%]
tests/integration/core_analysis/test_integration_schemas.py::TestValidatedTicker::test_should_create_ticker_with_defaults_when_optional_fields_omitted PASSED [  9%]
tests/integration/core_analysis/test_integration_schemas.py::TestValidatedTicker::test_should_handle_validation_errors_and_suggestions PASSED [  9%]
tests/integration/core_analysis/test_integration_schemas.py::TestValidatedETF::test_should_create_valid_etf_when_all_fields_provided PASSED [  9%]
tests/integration/core_analysis/test_integration_schemas.py::TestValidatedETF::test_should_raise_validation_error_when_expense_ratio_invalid PASSED [  9%]
tests/integration/core_analysis/test_integration_schemas.py::TestValidatedCrypto::test_should_create_valid_crypto_when_all_fields_provided PASSED [  9%]
tests/integration/core_analysis/test_integration_schemas.py::TestValidatedCrypto::test_should_raise_validation_error_when_market_cap_rank_invalid PASSED [  9%]
tests/integration/core_analysis/test_integration_schemas.py::TestEnhancedCrewOutputs::test_should_create_valid_stock_crew_output PASSED [  9%]
tests/integration/core_analysis/test_integration_schemas.py::TestEnhancedCrewOutputs::test_should_create_valid_etf_crew_output PASSED [  9%]
tests/integration/core_analysis/test_integration_schemas.py::TestEnhancedCrewOutputs::test_should_create_valid_crypto_crew_output PASSED [  9%]
tests/integration/core_analysis/test_integration_schemas.py::TestAPlusOpportunityCollection::test_should_create_valid_opportunity_collection_when_all_fields_provided PASSED [  9%]
tests/integration/core_analysis/test_integration_schemas.py::TestAPlusOpportunityCollection::test_should_create_collection_with_defaults_when_optional_fields_omitted PASSED [  9%]
tests/integration/core_analysis/test_integration_schemas.py::TestAPlusOpportunityCollection::test_should_raise_validation_error_when_confidence_score_out_of_range PASSED [  9%]
tests/integration/core_analysis/test_integration_schemas.py::TestAPlusOpportunityCollection::test_should_raise_validation_error_when_discovery_summary_too_short PASSED [  9%]
tests/integration/core_analysis/test_integration_schemas.py::TestIntegrationError::test_should_create_valid_integration_error_when_all_fields_provided PASSED [  9%]
tests/integration/core_analysis/test_integration_schemas.py::TestIntegrationError::test_should_create_error_with_defaults_when_optional_fields_omitted PASSED [  9%]
tests/integration/core_analysis/test_integration_schemas.py::TestIntegrationError::test_should_validate_all_error_types PASSED [  9%]
tests/integration/core_analysis/test_integration_schemas.py::TestDataAvailabilityReport::test_should_create_valid_availability_report_when_all_fields_provided PASSED [  9%]
tests/integration/core_analysis/test_integration_schemas.py::TestDataAvailabilityReport::test_should_create_report_with_defaults_when_optional_fields_omitted PASSED [  9%]
tests/integration/core_analysis/test_integration_schemas.py::TestDataAvailabilityReport::test_should_validate_all_availability_status_values PASSED [  9%]
tests/integration/core_analysis/test_integration_schemas.py::TestDiscoveryCrewOutput::test_should_create_valid_discovery_crew_output PASSED [ 10%]
tests/integration/core_analysis/test_integration_schemas.py::TestDiscoveryCrewOutput::test_should_create_discovery_output_with_defaults_when_optional_fields_omitted PASSED [ 10%]
tests/integration/core_analysis/test_report_crew_integration.py::TestReportCrewIntegration::test_should_initialize_with_data_integration_components PASSED [ 10%]
tests/integration/core_analysis/test_report_crew_integration.py::TestReportCrewIntegration::test_should_check_data_availability_during_initialization PASSED [ 10%]
tests/integration/core_analysis/test_report_crew_integration.py::TestReportCrewIntegration::test_should_prepare_integrated_context_successfully PASSED [ 10%]
tests/integration/core_analysis/test_report_crew_integration.py::TestReportCrewIntegration::test_should_handle_data_integration_failure_gracefully PASSED [ 10%]
tests/integration/core_analysis/test_report_crew_integration.py::TestReportCrewIntegration::test_should_prepare_crew_context_with_metadata PASSED [ 10%]
tests/integration/core_analysis/test_report_crew_integration.py::TestReportCrewIntegration::test_should_validate_reporter_input_with_integrated_context PASSED [ 10%]
tests/integration/core_analysis/test_report_crew_integration.py::TestReportCrewIntegration::test_should_log_data_availability_warnings PASSED [ 10%]
tests/integration/core_analysis/test_validation_error_recovery.py::TestValidationErrorRecovery::test_should_initialize_error_patterns_and_repair_strategies PASSED [ 10%]
tests/integration/core_analysis/test_validation_error_recovery.py::TestValidationErrorRecovery::test_should_categorize_missing_field_error_correctly PASSED [ 10%]
tests/integration/core_analysis/test_validation_error_recovery.py::TestValidationErrorRecovery::test_should_categorize_type_mismatch_error_correctly PASSED [ 10%]
tests/integration/core_analysis/test_validation_error_recovery.py::TestValidationErrorRecovery::test_should_categorize_format_error_correctly PASSED [ 10%]
tests/integration/core_analysis/test_validation_error_recovery.py::TestValidationErrorRecovery::test_should_determine_critical_severity_for_important_fields PASSED [ 10%]
tests/integration/core_analysis/test_validation_error_recovery.py::TestValidationErrorRecovery::test_should_determine_appropriate_severity_for_different_fields PASSED [ 10%]
tests/integration/core_analysis/test_validation_error_recovery.py::TestValidationErrorRecovery::test_should_assess_missing_field_as_repairable PASSED [ 10%]
tests/integration/core_analysis/test_validation_error_recovery.py::TestValidationErrorRecovery::test_should_assess_schema_error_as_highly_repairable PASSED [ 10%]
tests/integration/core_analysis/test_validation_error_recovery.py::TestValidationErrorRecovery::test_should_generate_appropriate_suggested_fix_for_missing_field PASSED [ 10%]
tests/integration/core_analysis/test_validation_error_recovery.py::TestValidationErrorRecovery::test_should_generate_appropriate_suggested_fix_for_type_mismatch PASSED [ 10%]
tests/integration/core_analysis/test_validation_error_recovery.py::TestValidationErrorRecovery::test_should_analyze_validation_error_comprehensively PASSED [ 10%]
tests/integration/core_analysis/test_validation_error_recovery.py::TestValidationErrorRecovery::test_should_get_nested_value_correctly PASSED [ 10%]
tests/integration/core_analysis/test_validation_error_recovery.py::TestValidationErrorRecovery::test_should_get_appropriate_default_values_for_fields PASSED [ 10%]
tests/integration/core_analysis/test_validation_error_recovery.py::TestValidationErrorRecovery::test_should_convert_value_types_correctly PASSED [ 11%]
tests/integration/core_analysis/test_validation_error_recovery.py::TestValidationErrorRecovery::test_should_adjust_values_for_constraints_correctly PASSED [ 11%]
tests/integration/core_analysis/test_validation_error_recovery.py::TestValidationErrorRecovery::test_should_create_repair_suggestion_for_missing_field PASSED [ 11%]
tests/integration/core_analysis/test_validation_error_recovery.py::TestValidationErrorRecovery::test_should_create_repair_suggestion_for_type_mismatch PASSED [ 11%]
tests/integration/core_analysis/test_validation_error_recovery.py::TestValidationErrorRecovery::test_should_suggest_data_repairs_sorted_by_confidence PASSED [ 11%]
tests/integration/core_analysis/test_validation_error_recovery.py::TestValidationErrorRecovery::test_should_generate_comprehensive_error_report PASSED [ 11%]
tests/integration/core_analysis/test_validation_error_recovery.py::TestValidationErrorRecovery::test_should_generate_appropriate_recovery_recommendations PASSED [ 11%]
tests/integration/core_analysis/test_validation_error_recovery.py::TestValidationErrorRecovery::test_should_attempt_data_repair_successfully PASSED [ 11%]
tests/integration/core_analysis/test_validation_error_recovery.py::TestValidationErrorRecovery::test_should_skip_low_confidence_repairs PASSED [ 11%]
tests/integration/core_analysis/test_validation_error_recovery.py::TestValidationErrorRecovery::test_should_set_and_remove_nested_values_correctly PASSED [ 11%]
tests/integration/core_analysis/test_validation_error_recovery.py::TestValidationErrorRecovery::test_should_handle_unknown_error_types_gracefully PASSED [ 11%]
tests/integration/core_analysis/test_validation_infrastructure.py::TestValidationResult::test_should_create_empty_result_as_valid PASSED [ 11%]
tests/integration/core_analysis/test_validation_infrastructure.py::TestValidationResult::test_should_add_error_and_mark_invalid PASSED [ 11%]
tests/integration/core_analysis/test_validation_infrastructure.py::TestValidationResult::test_should_add_warning_without_affecting_validity PASSED [ 11%]
tests/integration/core_analysis/test_validation_infrastructure.py::TestSchemaRegistry::test_should_register_and_retrieve_schema PASSED [ 11%]
tests/integration/core_analysis/test_validation_infrastructure.py::TestSchemaRegistry::test_should_register_and_retrieve_crew_schema PASSED [ 11%]
tests/integration/core_analysis/test_validation_infrastructure.py::TestSchemaRegistry::test_should_return_none_for_unknown_schema PASSED [ 11%]
tests/integration/core_analysis/test_validation_infrastructure.py::TestSchemaRegistry::test_should_list_registered_schemas PASSED [ 11%]
tests/integration/core_analysis/test_validation_infrastructure.py::TestValidationManager::test_should_validate_valid_reporter_input PASSED [ 11%]
tests/integration/core_analysis/test_validation_infrastructure.py::TestValidationManager::test_should_reject_invalid_reporter_input_in_error_mode PASSED [ 11%]
tests/integration/core_analysis/test_validation_infrastructure.py::TestValidationManager::test_should_warn_for_invalid_data_in_warn_mode PASSED [ 11%]
tests/integration/core_analysis/test_validation_infrastructure.py::TestValidationManager::test_should_ignore_validation_in_off_mode PASSED [ 11%]
tests/integration/core_analysis/test_validation_infrastructure.py::TestValidationManager::test_should_read_validation_mode_from_environment PASSED [ 12%]
tests/integration/core_analysis/test_validation_infrastructure.py::TestValidationManager::test_should_validate_crew_output_with_registered_schema PASSED [ 12%]
tests/integration/core_analysis/test_validation_infrastructure.py::TestValidationManager::test_should_warn_for_unknown_crew_schema PASSED [ 12%]
tests/integration/core_analysis/test_validation_pipeline.py::TestValidationPipeline::test_should_initialize_validation_pipeline_successfully PASSED [ 12%]
tests/integration/core_analysis/test_validation_pipeline.py::TestValidationPipeline::test_should_validate_single_crew_output_successfully_when_valid_data_provided PASSED [ 12%]
tests/integration/core_analysis/test_validation_pipeline.py::TestValidationPipeline::test_should_fail_validation_when_invalid_crew_name_provided PASSED [ 12%]
tests/integration/core_analysis/test_validation_pipeline.py::TestValidationPipeline::test_should_fail_validation_when_missing_required_fields PASSED [ 12%]
tests/integration/core_analysis/test_validation_pipeline.py::TestValidationPipeline::test_should_validate_crew_metadata_successfully_when_valid_metadata_provided FAILED [ 12%]
tests/integration/core_analysis/test_validation_pipeline.py::TestValidationPipeline::test_should_fail_metadata_validation_when_metadata_missing FAILED [ 12%]
tests/integration/core_analysis/test_validation_pipeline.py::TestValidationPipeline::test_should_extract_validated_tickers_from_crew_outputs FAILED [ 12%]
tests/integration/core_analysis/test_validation_pipeline.py::TestValidationPipeline::test_should_find_ticker_validation_conflicts_when_crews_disagree FAILED [ 12%]
tests/integration/core_analysis/test_validation_pipeline.py::TestValidationPipeline::test_should_validate_cross_crew_consistency_successfully_when_no_conflicts FAILED [ 12%]
tests/integration/core_analysis/test_validation_pipeline.py::TestValidationPipeline::test_should_detect_cross_crew_inconsistency_when_ticker_conflicts_exist FAILED [ 12%]
tests/integration/core_analysis/test_validation_pipeline.py::TestValidationPipeline::test_should_check_metadata_consistency_and_find_issues FAILED [ 12%]
tests/integration/core_analysis/test_validation_pipeline.py::TestValidationPipeline::test_should_load_crew_data_successfully_when_files_exist FAILED [ 12%]
tests/integration/core_analysis/test_validation_pipeline.py::TestValidationPipeline::test_should_return_none_when_crew_directory_does_not_exist FAILED [ 12%]
tests/integration/core_analysis/test_validation_pipeline.py::TestValidationPipeline::test_should_return_none_when_no_output_files_found FAILED [ 12%]
tests/integration/core_analysis/test_validation_pipeline.py::TestValidationPipeline::test_should_validate_all_crew_outputs_successfully_when_valid_data_available FAILED [ 12%]
tests/integration/core_analysis/test_validation_pipeline.py::TestValidationPipeline::test_should_handle_validation_errors_gracefully_when_crew_data_invalid FAILED [ 12%]
tests/integration/core_analysis/test_validation_pipeline.py::TestValidationPipeline::test_should_use_strict_mode_when_requested FAILED [ 12%]
tests/integration/core_analysis/test_validation_pipeline.py::TestValidationPipeline::test_should_generate_comprehensive_validation_report PASSED [ 12%]
tests/integration/core_analysis/test_validation_pipeline.py::TestValidationPipeline::test_should_save_validation_report_to_file_when_path_provided PASSED [ 12%]
tests/integration/core_analysis/test_validation_pipeline.py::TestValidationPipeline::test_should_handle_exception_during_validation_gracefully FAILED [ 13%]
tests/integration/core_analysis/test_validation_pipeline.py::TestValidationPipeline::test_should_validate_cross_crew_consistency_with_empty_outputs PASSED [ 13%]
tests/integration/core_analysis/test_validation_pipeline.py::TestValidationPipeline::test_should_handle_malformed_ticker_data_gracefully FAILED [ 13%]
tests/integration/core_analysis/test_validation_pipeline.py::TestValidationPipelineIntegration::test_should_perform_end_to_end_validation_with_mocked_file_system ERROR [ 13%]
tests/integration/core_analysis/test_validation_pipeline.py::TestValidationPipelineIntegration::test_should_handle_missing_crew_data_gracefully_in_full_validation FAILED [ 13%]
tests/integration/test_a_plus_monitoring_integration.py::TestAPlusMonitoringIntegration::test_should_start_and_stop_service_successfully PASSED [ 13%]
tests/integration/test_a_plus_monitoring_integration.py::TestAPlusMonitoringIntegration::test_should_process_discovery_results_and_add_to_monitoring ERROR [ 13%]
tests/integration/test_a_plus_monitoring_integration.py::TestAPlusMonitoringIntegration::test_should_integrate_with_portfolio_review_successfully ERROR [ 13%]
tests/integration/test_a_plus_monitoring_integration.py::TestAPlusMonitoringIntegration::test_should_generate_comprehensive_monitoring_dashboard ERROR [ 13%]
tests/integration/test_a_plus_monitoring_integration.py::TestAPlusMonitoringIntegration::test_should_handle_grade_degradation_scenario ERROR [ 13%]
tests/integration/test_a_plus_monitoring_integration.py::TestAPlusMonitoringIntegration::test_should_cleanup_inactive_investments ERROR [ 13%]
tests/integration/test_a_plus_monitoring_integration.py::TestAPlusMonitoringIntegration::test_should_handle_market_regime_changes ERROR [ 13%]
tests/integration/test_a_plus_monitoring_integration.py::TestAPlusMonitoringIntegration::test_should_handle_concurrent_evaluations ERROR [ 13%]
tests/integration/test_a_plus_monitoring_integration.py::TestAPlusMonitoringIntegration::test_should_persist_monitoring_data_across_restarts ERROR [ 13%]
tests/integration/test_a_plus_monitoring_integration.py::TestAPlusMonitoringIntegration::test_should_handle_service_errors_gracefully ERROR [ 13%]
tests/integration/test_a_plus_monitoring_integration.py::TestAPlusMonitoringIntegration::test_should_export_monitoring_data_correctly ERROR [ 13%]
tests/integration/test_a_plus_monitoring_integration.py::TestAPlusMonitoringIntegration::test_should_handle_empty_discovery_results FAILED [ 13%]
tests/integration/test_ai_reasoning_integration.py::TestAIReasoningIntegration::test_stock_crew_ai_reasoning_in_output FAILED [ 13%]
tests/integration/test_ai_reasoning_integration.py::TestAIReasoningIntegration::test_ai_reasoning_configuration_consistency FAILED [ 13%]
tests/integration/test_ai_reasoning_integration.py::TestAIReasoningIntegration::test_ai_agents_have_reasoning_enabled PASSED [ 13%]
tests/integration/test_ai_reasoning_integration.py::TestAIReasoningIntegration::test_ai_reasoning_task_configuration FAILED [ 13%]
tests/integration/test_ai_reasoning_integration.py::TestAIReasoningIntegration::test_ai_reasoning_output_structure FAILED [ 13%]
tests/integration/test_aplus_integration.py::TestAPlusIntegration::test_should_get_aplus_opportunities_when_discovery_data_available ERROR [ 14%]
tests/integration/test_aplus_integration.py::TestAPlusIntegration::test_should_return_none_when_discovery_data_unavailable ERROR [ 14%]
tests/integration/test_aplus_integration.py::TestAPlusIntegration::test_should_return_none_when_extraction_fails ERROR [ 14%]
tests/integration/test_aplus_integration.py::TestAPlusIntegration::test_should_handle_extraction_errors_gracefully ERROR [ 14%]
tests/integration/test_aplus_integration.py::TestAPlusIntegration::test_should_generate_consolidated_reporter_input_with_aplus_opportunities ERROR [ 14%]
tests/integration/test_aplus_integration.py::TestAPlusIntegration::test_should_generate_consolidated_reporter_input_without_aplus_opportunities ERROR [ 14%]
tests/integration/test_aplus_integration.py::TestAPlusIntegration::test_should_generate_portfolio_allocation_updates_from_aplus_opportunities ERROR [ 14%]
tests/integration/test_aplus_integration.py::TestAPlusIntegration::test_should_parse_allocation_percentages_correctly ERROR [ 14%]
tests/integration/test_aplus_integration.py::TestAPlusIntegration::test_should_get_aplus_availability_status_when_opportunities_available ERROR [ 14%]
tests/integration/test_aplus_integration.py::TestAPlusIntegration::test_should_get_aplus_availability_status_when_opportunities_unavailable ERROR [ 14%]
tests/integration/test_aplus_integration.py::TestAPlusIntegration::test_should_get_aplus_availability_status_with_different_confidence_levels ERROR [ 14%]
tests/integration/test_aplus_integration.py::TestAPlusIntegration::test_should_handle_consolidated_reporter_input_errors_gracefully ERROR [ 14%]
tests/integration/test_aplus_integration.py::TestAPlusIntegration::test_should_handle_portfolio_allocation_update_errors_gracefully ERROR [ 14%]
tests/integration/test_aplus_integration.py::TestAPlusIntegration::test_should_initialize_aplus_extractor_correctly FAILED [ 14%]
tests/integration/test_backward_compatibility.py::TestBackwardCompatibility::test_portfolio_review_backward_compatibility SKIPPED [ 14%]
tests/integration/test_backward_compatibility.py::TestBackwardCompatibility::test_investment_discovery_enhanced_with_core_analysis SKIPPED [ 14%]
tests/integration/test_backward_compatibility.py::TestBackwardCompatibility::test_portfolio_rebalancing_with_core_analysis_integration SKIPPED [ 14%]
tests/integration/test_backward_compatibility.py::TestBackwardCompatibility::test_report_generation_includes_core_analysis_insights SKIPPED [ 14%]
tests/integration/test_backward_compatibility.py::TestBackwardCompatibility::test_feature_flag_compatibility SKIPPED [ 14%]
tests/integration/test_backward_compatibility.py::TestBackwardCompatibility::test_graceful_degradation_with_crew_failures SKIPPED [ 14%]
tests/integration/test_backward_compatibility.py::TestBackwardCompatibility::test_data_integration_system_compatibility SKIPPED [ 14%]
tests/integration/test_backward_compatibility.py::TestBackwardCompatibility::test_quantitative_backtesting_integration_continues_to_work SKIPPED [ 14%]
tests/integration/test_backward_compatibility.py::TestBackwardCompatibility::test_existing_api_endpoints_remain_stable SKIPPED [ 15%]
tests/integration/test_backward_compatibility.py::TestBackwardCompatibility::test_environment_variables_remain_compatible SKIPPED [ 15%]
tests/integration/test_backward_compatibility.py::TestBackwardCompatibility::test_error_handling_maintains_existing_behavior SKIPPED [ 15%]
tests/integration/test_backward_compatibility.py::TestBackwardCompatibility::test_configuration_validation_remains_unchanged SKIPPED [ 15%]
tests/integration/test_backward_compatibility_minimal.py::TestMinimalBackwardCompatibility::test_main_flow_classes_importable PASSED [ 15%]
tests/integration/test_backward_compatibility_minimal.py::TestMinimalBackwardCompatibility::test_crew_classes_importable PASSED [ 15%]
tests/integration/test_backward_compatibility_minimal.py::TestMinimalBackwardCompatibility::test_integration_system_importable PASSED [ 15%]
tests/integration/test_backward_compatibility_minimal.py::TestMinimalBackwardCompatibility::test_orchestrator_importable PASSED [ 15%]
tests/integration/test_backward_compatibility_minimal.py::TestMinimalBackwardCompatibility::test_session_manager_importable PASSED [ 15%]
tests/integration/test_backward_compatibility_minimal.py::TestMinimalBackwardCompatibility::test_configuration_manager_importable PASSED [ 15%]
tests/integration/test_backward_compatibility_minimal.py::TestMinimalBackwardCompatibility::test_flow_state_structure_unchanged PASSED [ 15%]
tests/integration/test_backward_compatibility_minimal.py::TestMinimalBackwardCompatibility::test_environment_variables_compatibility PASSED [ 15%]
tests/integration/test_backward_compatibility_minimal.py::TestMinimalBackwardCompatibility::test_basic_tools_importable PASSED [ 15%]
tests/integration/test_backward_compatibility_minimal.py::TestMinimalBackwardCompatibility::test_schemas_importable PASSED [ 15%]
tests/integration/test_backward_compatibility_minimal.py::TestMinimalBackwardCompatibility::test_crew_instantiation_basic PASSED [ 15%]
tests/integration/test_backward_compatibility_minimal.py::TestMinimalBackwardCompatibility::test_integration_system_instantiation PASSED [ 15%]
tests/integration/test_backward_compatibility_minimal.py::TestMinimalBackwardCompatibility::test_flow_initialization_basic PASSED [ 15%]
tests/integration/test_backward_compatibility_minimal.py::TestMinimalBackwardCompatibility::test_error_handling_classes_importable PASSED [ 15%]
tests/integration/test_backward_compatibility_minimal.py::TestMinimalBackwardCompatibility::test_basic_feature_flag_functionality PASSED [ 15%]
tests/integration/test_backward_compatibility_minimal.py::TestMinimalBackwardCompatibility::test_existing_api_structure_maintained PASSED [ 15%]
tests/integration/test_backward_compatibility_simple.py::TestSimpleBackwardCompatibility::test_existing_imports_remain_stable PASSED [ 15%]
tests/integration/test_backward_compatibility_simple.py::TestSimpleBackwardCompatibility::test_feature_flags_backward_compatibility FAILED [ 15%]
tests/integration/test_backward_compatibility_simple.py::TestSimpleBackwardCompatibility::test_new_feature_flags_available PASSED [ 16%]
tests/integration/test_backward_compatibility_simple.py::TestSimpleBackwardCompatibility::test_feature_flags_can_disable_core_analysis FAILED [ 16%]
tests/integration/test_backward_compatibility_simple.py::TestSimpleBackwardCompatibility::test_flow_state_structure_unchanged PASSED [ 16%]
tests/integration/test_backward_compatibility_simple.py::TestSimpleBackwardCompatibility::test_flow_initialization_backward_compatible PASSED [ 16%]
tests/integration/test_backward_compatibility_simple.py::TestSimpleBackwardCompatibility::test_configuration_manager_backward_compatible PASSED [ 16%]
tests/integration/test_backward_compatibility_simple.py::TestSimpleBackwardCompatibility::test_session_manager_backward_compatible PASSED [ 16%]
tests/integration/test_backward_compatibility_simple.py::TestSimpleBackwardCompatibility::test_integration_system_backward_compatible PASSED [ 16%]
tests/integration/test_backward_compatibility_simple.py::TestSimpleBackwardCompatibility::test_crew_classes_maintain_structure FAILED [ 16%]
tests/integration/test_backward_compatibility_simple.py::TestSimpleBackwardCompatibility::test_environment_variables_compatibility PASSED [ 16%]
tests/integration/test_backward_compatibility_simple.py::TestSimpleBackwardCompatibility::test_quantitative_tools_remain_importable PASSED [ 16%]
tests/integration/test_backward_compatibility_simple.py::TestSimpleBackwardCompatibility::test_error_handling_classes_available PASSED [ 16%]
tests/integration/test_backward_compatibility_simple.py::TestSimpleBackwardCompatibility::test_data_freshness_components_available PASSED [ 16%]
tests/integration/test_core_analysis_backward_compatibility.py::TestCoreAnalysisBackwardCompatibility::test_should_maintain_existing_portfolio_review_functionality PASSED [ 16%]
tests/integration/test_core_analysis_backward_compatibility.py::TestCoreAnalysisBackwardCompatibility::test_should_maintain_existing_investment_discovery_functionality FAILED [ 16%]
tests/integration/test_core_analysis_backward_compatibility.py::TestCoreAnalysisBackwardCompatibility::test_should_maintain_existing_portfolio_rebalancing_functionality FAILED [ 16%]
tests/integration/test_core_analysis_backward_compatibility.py::TestCoreAnalysisBackwardCompatibility::test_should_maintain_existing_report_generation_functionality FAILED [ 16%]
tests/integration/test_core_analysis_backward_compatibility.py::TestCoreAnalysisBackwardCompatibility::test_should_enhance_existing_features_with_core_analysis FAILED [ 16%]
tests/integration/test_core_analysis_backward_compatibility.py::TestCoreAnalysisBackwardCompatibility::test_should_maintain_existing_api_interfaces PASSED [ 16%]
tests/integration/test_core_analysis_backward_compatibility.py::TestCoreAnalysisBackwardCompatibility::test_should_maintain_existing_data_formats PASSED [ 16%]
tests/integration/test_core_analysis_backward_compatibility.py::TestCoreAnalysisBackwardCompatibility::test_should_maintain_existing_error_handling_patterns PASSED [ 16%]
tests/integration/test_core_analysis_backward_compatibility.py::TestCoreAnalysisBackwardCompatibility::test_should_maintain_existing_configuration_compatibility PASSED [ 16%]
tests/integration/test_core_analysis_backward_compatibility.py::TestCoreAnalysisBackwardCompatibility::test_should_maintain_existing_output_file_formats PASSED [ 16%]
tests/integration/test_core_analysis_backward_compatibility.py::TestCoreAnalysisBackwardCompatibility::test_should_support_legacy_workflow_without_core_analysis 